// Jest Snapshot v1, https://goo.gl/fbAQLP

exports[`WalletsList render should render initial state of the component 1`] = `
<div
  class="column"
>
  <div
    class="buttons"
  >
    <v-button-stub
      classname="is-primary is-medium"
    >
      
      Load wallets
    
    </v-button-stub>
  </div>
   
  <!---->
   
  <div
    style="display: none;"
  >
     
    <v-pagination-stub
      limit="10"
      offset="0"
      pagesvisible="0"
      total="0"
    />
     
  </div>
</div>
`;
