// Jest Snapshot v1, https://goo.gl/fbAQLP

exports[`AccountChooser render should render account chooser component 1`] = `
<div
  class="account-chooser"
  data-test="account-chooser"
>
  <div
    class="field"
  >
    <div
      class="multiselect"
      tabindex="0"
    >
      <div
        class="multiselect__select"
      />
        
      <div
        class="multiselect__tags"
      >
        <div
          class="multiselect__tags-wrap"
          style="display: none;"
        />
         
        <!---->
         
        <div
          class="multiselect__spinner"
          style="display: none;"
        />
         
        <input
          autocomplete="off"
          class="multiselect__input"
          name=""
          placeholder="Select account"
          style="display: none;"
          tabindex="0"
          type="text"
        />
         
        <!---->
         
        <span>
          <span
            class="multiselect__single"
          >
            
            Select account
          
          </span>
        </span>
      </div>
       
      <div
        class="multiselect__content-wrapper"
        style="max-height: 300px; display: none;"
      >
        <ul
          class="multiselect__content"
          style="display: block;"
        >
           
          <!---->
            
          <li
            style="display: none;"
          >
            <span
              class="multiselect__option"
            >
              <span>
                
        No elements found. Consider changing the search query.
      
              </span>
            </span>
          </li>
           
        </ul>
      </div>
    </div>
  </div>
</div>
`;

exports[`AccountChooser render should render error 1`] = `
<div
  class="account-chooser"
  data-test="account-chooser"
>
  <div
    class="field"
  >
    <div
      class="multiselect"
      tabindex="0"
    >
      <div
        class="multiselect__select"
      />
        
      <div
        class="multiselect__tags"
      >
        <div
          class="multiselect__tags-wrap"
          style="display: none;"
        />
         
        <!---->
         
        <div
          class="multiselect__spinner"
          style="display: none;"
        />
         
        <input
          autocomplete="off"
          class="multiselect__input"
          name=""
          placeholder="Select account"
          style="display: none;"
          tabindex="0"
          type="text"
        />
         
        <!---->
         
        <span>
          <span
            class="multiselect__single"
          >
            
            Select account
          
          </span>
        </span>
      </div>
       
      <div
        class="multiselect__content-wrapper"
        style="max-height: 300px; display: none;"
      >
        <ul
          class="multiselect__content"
          style="display: block;"
        >
           
          <!---->
            
          <li
            style="display: none;"
          >
            <span
              class="multiselect__option"
            >
              <span>
                
        No elements found. Consider changing the search query.
      
              </span>
            </span>
          </li>
           
        </ul>
      </div>
    </div>
  </div>
</div>
`;
