// Jest Snapshot v1, https://goo.gl/fbAQLP

exports[`VModal page render should render initial state of the component 1`] = `
<div
  class="modal is-active"
>
  <div
    class="modal-background"
  />
   
  <div
    class="modal-logo"
  />
   
  <div
    class="modal-card"
  >
    <div
      class="modal-card-head"
    >
      <h3
        class="modal-card-title"
      />
       
      <button
        class="delete is-large"
      />
    </div>
     
    <div
      class="modal-card-body"
    />
     
    <div
      class="modal-card-foot"
    />
  </div>
</div>
`;
