// Jest Snapshot v1, https://goo.gl/fbAQLP

exports[`SettingsPage render should render the initial state of the component 1`] = `
<base-page
  class="settings-page"
>
  <template
    slot="title"
  >
    Settings
  </template>
   
  <v-form
    class="save-settings"
    id="save-settings"
    v-on:submit="bound updateSettings"
  >
    <div
      class="field"
    >
      <label
        class="label"
      >
        Email Address
      </label>
       
      <div
        class="control"
      >
        <input
          class="input is-static"
          readonly="readonly"
          type="email"
        />
      </div>
       
      <p
        class="help"
      >
        Contact support if you need to change your email
      address.
      </p>
    </div>
     
    <v-select
      label="Fiat Currency"
      name="fiatCurrency"
      options="USD,AUD,BRL"
      v-model="newSettings.fiatCurrency"
      v-on:input="bound updateSettings"
    />
  </v-form>
   
  <two-factor-auth-settings />
   
  <change-password-settings />
</base-page>
`;
