// Jest Snapshot v1, https://goo.gl/fbAQLP

exports[`ExportWallet page render should render initial state of the component 1`] = `
<base-page-stub
  class="export-wallet"
>
  <template>
    
    Export Wallet
  
  </template>
   
  <p
    class="subtitle"
  >
    
    Exporting account 
    <strong>
      
    </strong>
  </p>
   
  <div
    class="columns"
  >
    <div
      class="column is-one-third"
    >
      <div
        class="menu"
      >
        <p
          class="menu-label"
        >
          
          Export Type
        
        </p>
         
        <ul
          class="menu-list"
        >
          <li>
            <a
              class="is-active"
              data-test="export-private-key-button"
            >
              
              Private Key
            
            </a>
          </li>
           
          <li>
            <a
              class=""
              data-test="export-seed-phrase-button"
            >
              
              Seed Phrase
            
            </a>
          </li>
           
          <li>
            <a
              class=""
              data-test="export-json-button"
            >
              
              JSON Keystore
            
            </a>
          </li>
        </ul>
      </div>
    </div>
     
    <div
      class="column"
    >
      <div>
        <export-to-private-key-stub />
      </div>
    </div>
  </div>
</base-page-stub>
`;
