// Jest Snapshot v1, https://goo.gl/fbAQLP

exports[`LoginModalModes render should display a field for custom identity server 1`] = `<v-input-stub label="Custom Identity Server" classname="" help="Example: https://yourserver.com/api" id="customIdentityServer" data-vv-name="customIdentityServer" name="customIdentityServer" placeholder="Custom Identity Server" aria-required="true" aria-invalid="false"></v-input-stub>`;

exports[`LoginModalModes render should render component 1`] = `
<v-modal-stub
  class="is-dark"
>
  <template>
    Get Started
  </template>
   
  <!---->
   
  <v-form-stub
    id="loginByEmail"
    isformvalid="true"
  >
    <v-select-stub
      label="Identity Server"
      name="currentIdentityServerType"
      options="[object Object],[object Object],[object Object]"
      value="default"
    />
     
    <!---->
  </v-form-stub>
   
  <div
    class="buttons"
  >
    <v-button-stub
      classname="is-primary is-medium"
      data-test="submit-login"
      form="loginByEmail"
    >
      Continue
    </v-button-stub>
  </div>
</v-modal-stub>
`;
