// Jest Snapshot v1, https://goo.gl/fbAQLP

exports[`LoginModal render should render component 1`] = `
<login-by-email-modal-stub
  class="login-modal"
  data-test="login-modal"
/>
`;
