// Jest Snapshot v1, https://goo.gl/fbAQLP

exports[`NewAccountModal render should render component 1`] = `
<div
  class="new-account-modal"
>
  <div
    class="modal is-active"
  >
    <div
      class="modal-background"
    />
     
    <div
      class="modal-logo"
    />
     
    <div
      class="modal-card"
    >
      <div
        class="modal-card-head"
      >
        <h3
          class="modal-card-title"
        >
          Create New Address
        </h3>
         
        <button
          class="delete is-large"
        />
      </div>
       
      <div
        class="modal-card-body"
      >
         
        <div>
          <p
            class="subtitle"
          >
            You currently have
      
            <strong>
              0
            </strong>
             active addresses in your wallet.
          </p>
           
          <p
            class="subtitle"
          >
            Click the button below to create or import an additional address you can use to receive Ethereum and tokens.
          </p>
        </div>
         
      </div>
       
      <div
        class="modal-card-foot"
      >
        <div
          class="buttons"
        >
          <form
            class="control"
          >
            <div
              class="field"
            >
              <div
                class="control"
              >
                <button
                  class="button is-primary is-medium"
                >
                  Create address
                </button>
              </div>
            </div>
          </form>
           
          <form
            class="control"
          >
            <div
              class="field"
            >
              <div
                class="control"
              >
                <button
                  class="button is-primary is-medium"
                >
                  Import address
                </button>
              </div>
            </div>
          </form>
        </div>
      </div>
    </div>
  </div>
   
  <!---->
</div>
`;
